
> Configure project :app
WARNING: The option setting 'android.overridePathCheck=true' is experimental.
The current default is 'false'.

> Task :clean
> Task :app:clean FAILED

[Incubating] Problems report is available at: file:///C:/Users/18758/Desktop/SafetyAssistant/build/reports/problems/problems-report.html
.\gradlew.bat : 
所在位置 行:1 字符: 48
+ ... yAssistant; .\gradlew.bat clean assembleDebug *> build_output.txt; Ge ...
+                 ~~~~~~~~~~~~~~~~~~~~~~~~~~~~~~~~~~~~~~~~~~~~~~~~~~~~~
    + CategoryInfo          : NotSpecified: (:String) [], RemoteException
    + FullyQualifiedErrorId : NativeCommandError
 
FAILURE: Build failed with an exception.

* What went wrong:
Execution failed for task ':app:clean'.
> java.io.IOException: Unable to delete directory 'C:\Users\18758\Desktop\Safet
yAssistant\app\build'
    Failed to delete some children. This might happen because a process has fil
es open or has its working directory set in the target directory.
    - C:\Users\18758\Desktop\SafetyAssistant\app\build\intermediates\merged_res
\debug\mergeDebugResources\values-w600dp-land-v13_values-w600dp-land-v13.arsc.f
lat
    - C:\Users\18758\Desktop\SafetyAssistant\app\build\intermediates\merged_res
\debug\mergeDebugResources\values-watch-v20_values-watch-v20.arsc.flat
    - C:\Users\18758\Desktop\SafetyAssistant\app\build\intermediates\merged_res
\debug\mergeDebugResources\values-watch-v21_values-watch-v21.arsc.flat
    - C:\Users\18758\Desktop\SafetyAssistant\app\build\intermediates\merged_res
\debug\mergeDebugResources\values-xlarge-v4_values-xlarge-v4.arsc.flat
    - C:\Users\18758\Desktop\SafetyAssistant\app\build\intermediates\merged_res
\debug\mergeDebugResources\values-zh-rCN_values-zh-rCN.arsc.flat
    - C:\Users\18758\Desktop\SafetyAssistant\app\build\intermediates\merged_res
\debug\mergeDebugResources\values-zh-rHK_values-zh-rHK.arsc.flat
    - C:\Users\18758\Desktop\SafetyAssistant\app\build\intermediates\merged_res
\debug\mergeDebugResources\values-zh-rTW_values-zh-rTW.arsc.flat
    - C:\Users\18758\Desktop\SafetyAssistant\app\build\intermediates\merged_res
\debug\mergeDebugResources\values-zu_values-zu.arsc.flat
    - C:\Users\18758\Desktop\SafetyAssistant\app\build\intermediates\merged_res
\debug\mergeDebugResources\values_values.arsc.flat
    - C:\Users\18758\Desktop\SafetyAssistant\app\build\intermediates\merged_res
\debug\mergeDebugResources
    - C:\Users\18758\Desktop\SafetyAssistant\app\build\intermediates\merged_res
\debug\mipmap-anydpi-v26_ic_launcher.xml.flat
    - C:\Users\18758\Desktop\SafetyAssistant\app\build\intermediates\merged_res
\debug\mipmap-anydpi-v26_ic_launcher_round.xml.flat
    - C:\Users\18758\Desktop\SafetyAssistant\app\build\intermediates\merged_res
\debug\mipmap-hdpi_ic_launcher.xml.flat
    - C:\Users\18758\Desktop\SafetyAssistant\app\build\intermediates\merged_res
\debug\mipmap-hdpi_ic_launcher_round.xml.flat
    - C:\Users\18758\Desktop\SafetyAssistant\app\build\intermediates\merged_res
\debug\mipmap-mdpi_ic_launcher.xml.flat
    - C:\Users\18758\Desktop\SafetyAssistant\app\build\intermediates\merged_res
\debug\mipmap-mdpi_ic_launcher_round.xml.flat
    - and more ...
    New files were found. This might happen because a process is still writing 
to the target directory.
    - C:\Users\18758\Desktop\SafetyAssistant\app\build\intermediates\merged_res
\debug

* Try:
> Run with --stacktrace option to get the stack trace.
> Run with --info or --debug option to get more log output.
> Run with --scan to get full insights.
> Get more help at https://help.gradle.org.

Deprecated Gradle features were used in this build, making it incompatible with Gradle 9.0.

You can use '--warning-mode all' to show the individual deprecation warnings and determine if they come from your own scripts or plugins.

For more on this, please refer to https://docs.gradle.org/8.13/userguide/command_line_interface.html#sec:command_line_warnings in the Gradle documentation.

BUILD FAILED in 14s
2 actionable tasks: 2 executed
